hello miraj 

======================================================================
⚡ ULTRA-FAST DENSE SAMPLING
======================================================================
Dataset: videomme
Score threshold: 70.0% of MAX score
Neighbor radius: 2 seconds
Dense FPS: 8.0
Model: blip
Batch size: 64
FP16: True
Workers: 4
======================================================================

Loading existing frames and scores...
✅ Frames file: 2700 videos
✅ Scores file: 2700 videos
Loading questions from: ./datasets/videomme/include_frame_idx.json
✅ Loaded 2700 questions

🎯 Processing 2700 videos (limited by --num_videos)

Video folder: /home/train01/.cache/huggingface/custom_video_qa_cache/data/data


======================================================================
[cuda:1] Loading blip model...
======================================================================
Using a slow image processor as `use_fast` is unset and a slow processor was saved with this model. `use_fast=True` will be the default behavior in v4.52, even if the model was saved with a slow processor. This will result in minor differences in outputs. You'll still be able to use a slow processor with `use_fast=False`.
✅ Model loaded successfully
   - Batch size: 64
   - FP16: True
   - Workers: 4
   - CUDA optimizations: Enabled
======================================================================

======================================================================
Starting video processing...
======================================================================

Processing videos:   0%|                                                   | 0/2700 [00:00<?, ?it/s]Processing videos:   0%|                                         | 1/2700 [00:09<7:08:26,  9.52s/it]Processing videos:   0%|                                         | 2/2700 [00:10<3:15:47,  4.35s/it]Processing videos:   0%|                                         | 3/2700 [00:13<2:59:14,  3.99s/it]Processing videos:   0%|                                         | 4/2700 [00:23<4:43:40,  6.31s/it]Processing videos:   0%|                                         | 5/2700 [00:34<5:59:33,  8.00s/it]Processing videos:   0%|                                         | 6/2700 [00:40<5:22:26,  7.18s/it]Processing videos:   0%|                                         | 7/2700 [00:41<3:49:36,  5.12s/it]Processing videos:   0%|                                         | 8/2700 [00:49<4:34:05,  6.11s/it]Processing videos:   0%|▏                                        | 9/2700 [00:51<3:31:36,  4.72s/it]Processing videos:   0%|▏                                        | 9/2700 [01:05<5:26:57,  7.29s/it]
Traceback (most recent call last):
  File "/home/train01/aks/Frame_selection/re_sampler_modified.py", line 756, in <module>
    main()
    ~~~~^^
  File "/home/train01/aks/Frame_selection/re_sampler_modified.py", line 752, in main
    process_dense_sampling(args)
    ~~~~~~~~~~~~~~~~~~~~~~^^^^^^
  File "/home/train01/aks/Frame_selection/re_sampler_modified.py", line 647, in process_dense_sampling
    new_scores = scorer.compute_scores(new_frames_data, question)
  File "/home/train01/aks/Frame_selection/venv/lib/python3.13/site-packages/torch/utils/_contextlib.py", line 120, in decorate_context
    return func(*args, **kwargs)
  File "/home/train01/aks/Frame_selection/re_sampler_modified.py", line 312, in compute_scores
    return self._compute_blip_scores_fast(frames, query)
           ~~~~~~~~~~~~~~~~~~~~~~~~~~~~~~^^^^^^^^^^^^^^^
  File "/home/train01/aks/Frame_selection/re_sampler_modified.py", line 386, in _compute_blip_scores_fast
    all_scores.extend(scores.cpu().tolist())
                      ~~~~~~~~~~^^
KeyboardInterrupt
Traceback (most recent call last):
  File "/home/train01/aks/Frame_selection/re_sampler_modfied_checkpoint.py", line 19, in <module>
    from transformers import CLIPProcessor, CLIPModel, BlipProcessor, BlipForImageTextRetrieval
  File "<frozen importlib._bootstrap>", line 1412, in _handle_fromlist
  File "/home/train01/aks/Frame_selection/venv/lib/python3.13/site-packages/transformers/utils/import_utils.py", line 2317, in __getattr__
    module = self._get_module(self._class_to_module[name])
  File "/home/train01/aks/Frame_selection/venv/lib/python3.13/site-packages/transformers/utils/import_utils.py", line 2345, in _get_module
    return importlib.import_module("." + module_name, self.__name__)
           ~~~~~~~~~~~~~~~~~~~~~~~^^^^^^^^^^^^^^^^^^^^^^^^^^^^^^^^^^
  File "/usr/lib/python3.13/importlib/__init__.py", line 88, in import_module
    return _bootstrap._gcd_import(name[level:], package, level)
           ~~~~~~~~~~~~~~~~~~~~~~^^^^^^^^^^^^^^^^^^^^^^^^^^^^^^
  File "/home/train01/aks/Frame_selection/venv/lib/python3.13/site-packages/transformers/models/clip/processing_clip.py", line 21, in <module>
    from ...processing_utils import ProcessorMixin
  File "/home/train01/aks/Frame_selection/venv/lib/python3.13/site-packages/transformers/processing_utils.py", line 75, in <module>
    from .modeling_utils import PreTrainedAudioTokenizerBase
  File "/home/train01/aks/Frame_selection/venv/lib/python3.13/site-packages/transformers/modeling_utils.py", line 57, in <module>
    from .integrations.flex_attention import flex_attention_forward
  File "/home/train01/aks/Frame_selection/venv/lib/python3.13/site-packages/transformers/integrations/flex_attention.py", line 46, in <module>
    class WrappedFlexAttention:
    ...<37 lines>...
            return self._compiled_flex_attention
  File "/home/train01/aks/Frame_selection/venv/lib/python3.13/site-packages/transformers/integrations/flex_attention.py", line 61, in WrappedFlexAttention
    @torch.compiler.disable(recursive=False)
     ~~~~~~~~~~~~~~~~~~~~~~^^^^^^^^^^^^^^^^^
  File "/home/train01/aks/Frame_selection/venv/lib/python3.13/site-packages/torch/compiler/__init__.py", line 253, in disable
    import torch._dynamo
  File "/home/train01/aks/Frame_selection/venv/lib/python3.13/site-packages/torch/_dynamo/__init__.py", line 13, in <module>
    from . import (
    ...<6 lines>...
    )
  File "/home/train01/aks/Frame_selection/venv/lib/python3.13/site-packages/torch/_dynamo/aot_compile.py", line 15, in <module>
    from . import convert_frame
  File "/home/train01/aks/Frame_selection/venv/lib/python3.13/site-packages/torch/_dynamo/convert_frame.py", line 57, in <module>
    from torch._dynamo.symbolic_convert import TensorifyState
  File "/home/train01/aks/Frame_selection/venv/lib/python3.13/site-packages/torch/_dynamo/symbolic_convert.py", line 59, in <module>
    from . import (
    ...<6 lines>...
    )
  File "/home/train01/aks/Frame_selection/venv/lib/python3.13/site-packages/torch/_dynamo/trace_rules.py", line 58, in <module>
    from .variables import (
    ...<12 lines>...
    )
  File "/home/train01/aks/Frame_selection/venv/lib/python3.13/site-packages/torch/_dynamo/variables/__init__.py", line 19, in <module>
    from .base import VariableTracker
  File "/home/train01/aks/Frame_selection/venv/lib/python3.13/site-packages/torch/_dynamo/variables/base.py", line 650, in <module>
    from . import builder
  File "/home/train01/aks/Frame_selection/venv/lib/python3.13/site-packages/torch/_dynamo/variables/builder.py", line 94, in <module>
    from ..side_effects import SideEffects
  File "/home/train01/aks/Frame_selection/venv/lib/python3.13/site-packages/torch/_dynamo/side_effects.py", line 34, in <module>
    from torch._dynamo.variables.misc import AutogradFunctionContextVariable
  File "/home/train01/aks/Frame_selection/venv/lib/python3.13/site-packages/torch/_dynamo/variables/misc.py", line 61, in <module>
    from .functions import NestedUserFunctionVariable, UserFunctionVariable
  File "/home/train01/aks/Frame_selection/venv/lib/python3.13/site-packages/torch/_dynamo/variables/functions.py", line 88, in <module>
    from torch.distributed.fsdp._fully_shard import _fsdp_param_group
  File "/home/train01/aks/Frame_selection/venv/lib/python3.13/site-packages/torch/distributed/fsdp/__init__.py", line 1, in <module>
    from ._flat_param import FlatParameter as FlatParameter
  File "/home/train01/aks/Frame_selection/venv/lib/python3.13/site-packages/torch/distributed/fsdp/_flat_param.py", line 33, in <module>
    from ._fsdp_extensions import (
    ...<3 lines>...
    )
  File "/home/train01/aks/Frame_selection/venv/lib/python3.13/site-packages/torch/distributed/fsdp/_fsdp_extensions.py", line 6, in <module>
    from torch.distributed._shard.sharded_tensor.api import ShardedTensor
  File "/home/train01/aks/Frame_selection/venv/lib/python3.13/site-packages/torch/distributed/_shard/__init__.py", line 1, in <module>
    from .api import _shard_tensor, load_with_process_group, shard_module, shard_parameter
  File "/home/train01/aks/Frame_selection/venv/lib/python3.13/site-packages/torch/distributed/_shard/api.py", line 9, in <module>
    from torch.distributed._shard.sharded_tensor import ShardedTensor
  File "/home/train01/aks/Frame_selection/venv/lib/python3.13/site-packages/torch/distributed/_shard/sharded_tensor/__init__.py", line 8, in <module>
    from .api import (
    ...<7 lines>...
    )
  File "/home/train01/aks/Frame_selection/venv/lib/python3.13/site-packages/torch/distributed/_shard/sharded_tensor/api.py", line 32, in <module>
    from .reshard import reshard_local_shard, reshuffle_local_shard
  File "/home/train01/aks/Frame_selection/venv/lib/python3.13/site-packages/torch/distributed/_shard/sharded_tensor/reshard.py", line 13, in <module>
    from torch.distributed.nn.functional import all_to_all, all_to_all_single
  File "/home/train01/aks/Frame_selection/venv/lib/python3.13/site-packages/torch/distributed/nn/__init__.py", line 3, in <module>
    from .functional import *  # noqa: F403
    ^^^^^^^^^^^^^^^^^^^^^^^^^
  File "<frozen importlib._bootstrap>", line 1360, in _find_and_load
  File "<frozen importlib._bootstrap>", line 1331, in _find_and_load_unlocked
  File "<frozen importlib._bootstrap>", line 935, in _load_unlocked
  File "<frozen importlib._bootstrap_external>", line 1022, in exec_module
  File "<frozen importlib._bootstrap_external>", line 1118, in get_code
  File "<frozen importlib._bootstrap_external>", line 1218, in get_data
KeyboardInterrupt
