hello miraj 

======================================================================
⚡ ULTRA-FAST RAM-BASED DENSE SAMPLING
======================================================================
Dataset: videomme
Score threshold: 70.0% of MAX score
Neighbor radius: 2 seconds
Dense FPS: 8.0
Model: blip
Batch size: 256
FP16: True
Workers: 32
Checkpoint every: 5 videos
Resume mode: True
Mode: RAM-BASED (10x faster)
======================================================================

Loading existing frames and scores...
✅ Frames file: 2700 videos
✅ Scores file: 2700 videos
Loading questions from: ./datasets/videomme/include_frame_idx.json
✅ Loaded 2700 questions

🎯 Processing 2700 videos (limited by --num_videos)

Video folder: /home/train01/.cache/huggingface/custom_video_qa_cache/data/data

🔍 Checking for existing checkpoint...
✅ RESUMING from video 1810
   Already processed: 1810 videos
   Remaining: 890 videos


======================================================================
[cuda:1] Loading blip model...
======================================================================
Using a slow image processor as `use_fast` is unset and a slow processor was saved with this model. `use_fast=True` will be the default behavior in v4.52, even if the model was saved with a slow processor. This will result in minor differences in outputs. You'll still be able to use a slow processor with `use_fast=False`.
✅ Model loaded successfully
======================================================================

======================================================================
Starting video processing...
======================================================================

Processing videos:  67%|█████████████████████████████████████████████▌                      | 1810/2700 [00:00<?, ?it/s]Processing videos:  67%|████████████████████████▏           | 1810/2700 [00:00<?, ?it/s, video=0RxMZBLeqRI, status=INIT]Processing videos:  67%|████████████████████████▏           | 1810/2700 [00:00<?, ?it/s, video=0RxMZBLeqRI, status=INIT]                                                                                                                        
──────────────────────────────────────────────────────────────────────
📹 Video: 0RxMZBLeqRI
──────────────────────────────────────────────────────────────────────
  📊 Scores: Max=0.9999 | Min=0.0001 | Range=[0.0001, 0.9999]
  🎯 Threshold: 0.6999 (70.0% of max)
  ✅ High-Score Frames: 462/1892 (24.4%)
  📍 First 10 indices: [29, 58, 87, 116, 551, 580, 609, 638, 667, 696]
──────────────────────────────────────────────────────────────────────

Processing videos:  67%|████████████████████████▏           | 1810/2700 [00:00<?, ?it/s, video=0RxMZBLeqRI, status=INIT]Processing videos:  67%|█████████████▍      | 1810/2700 [00:00<?, ?it/s, video=0RxMZBLeqRI, status=PROCESSING, high=462]Processing videos:  67%|█████████████▍      | 1810/2700 [00:00<?, ?it/s, video=0RxMZBLeqRI, status=PROCESSING, high=462]  📦 Processing 16,099 frames in RAM...
     • Batch size: 1,000 frames
     • Total batches: 17
     • Batch 1/17 (6%) - 1,000/16,099 frames
     • Batch 2/17 (12%) - 2,000/16,099 frames
     • Batch 3/17 (18%) - 3,000/16,099 frames
     • Batch 4/17 (24%) - 4,000/16,099 frames
     • Batch 5/17 (29%) - 5,000/16,099 frames
     • Batch 6/17 (35%) - 6,000/16,099 frames
     • Batch 7/17 (41%) - 7,000/16,099 frames
     • Batch 8/17 (47%) - 8,000/16,099 frames
     • Batch 9/17 (53%) - 9,000/16,099 frames
     • Batch 10/17 (59%) - 10,000/16,099 frames
     • Batch 11/17 (65%) - 11,000/16,099 frames
     • Batch 12/17 (71%) - 12,000/16,099 frames
     • Batch 13/17 (76%) - 13,000/16,099 frames
     • Batch 14/17 (82%) - 14,000/16,099 frames
     • Batch 15/17 (88%) - 15,000/16,099 frames
     • Batch 16/17 (94%) - 16,000/16,099 frames
     • Batch 17/17 (100%) - 16,099/16,099 frames
  ✅ Done: 16,099 frames in 255.5s (63 fps)
Processing videos:  67%|▋| 1810/2700 [04:17<?, ?it/s, video=0RxMZBLeqRI, orig=1892, new=16099, final=17230, dup=761, timProcessing videos:  67%|▋| 1811/2700 [04:17<63:39:56, 257.81s/it, video=0RxMZBLeqRI, orig=1892, new=16099, final=17230, Processing videos:  67%|████████████████        | 1811/2700 [04:17<63:39:56, 257.81s/it, video=0RxMZBLeqRI, status=INIT]Processing videos:  67%|████████████████        | 1811/2700 [04:17<63:39:56, 257.81s/it, video=0RxMZBLeqRI, status=INIT]                                                                                                                        
──────────────────────────────────────────────────────────────────────
📹 Video: 0RxMZBLeqRI
──────────────────────────────────────────────────────────────────────
  📊 Scores: Max=0.9455 | Min=0.0001 | Range=[0.0001, 0.9455]
  🎯 Threshold: 0.6618 (70.0% of max)
  ✅ High-Score Frames: 53/1892 (2.8%)
  📍 First 10 indices: [29, 58, 87, 116, 232, 261, 3045, 3074, 4118, 7975]
──────────────────────────────────────────────────────────────────────

Processing videos:  67%|████████████████        | 1811/2700 [04:17<63:39:56, 257.81s/it, video=0RxMZBLeqRI, status=INIT]Processing videos:  67%|██████   | 1811/2700 [04:17<63:39:56, 257.81s/it, video=0RxMZBLeqRI, status=PROCESSING, high=53]Processing videos:  67%|██████   | 1811/2700 [04:17<63:39:56, 257.81s/it, video=0RxMZBLeqRI, status=PROCESSING, high=53]  📦 Processing 1,961 frames in RAM...
     • Batch size: 1,961 frames
     • Total batches: 1
