hello miraj 

======================================================================
⚡ ULTRA-FAST DENSE SAMPLING
======================================================================
Dataset: videomme
Score threshold: 70.0% of MAX score
Neighbor radius: 2 seconds
Dense FPS: 8.0
Model: blip
Batch size: 512
FP16: True
Workers: 16
======================================================================

Loading existing frames and scores...
✅ Frames file: 2700 videos
✅ Scores file: 2700 videos
Loading questions from: ./datasets/videomme/include_frame_idx.json
✅ Loaded 2700 questions

🎯 Processing 2700 videos (limited by --num_videos)

Video folder: /home/train01/.cache/huggingface/custom_video_qa_cache/data/data


======================================================================
[cuda:1] Loading blip model...
======================================================================
Using a slow image processor as `use_fast` is unset and a slow processor was saved with this model. `use_fast=True` will be the default behavior in v4.52, even if the model was saved with a slow processor. This will result in minor differences in outputs. You'll still be able to use a slow processor with `use_fast=False`.
✅ Model loaded successfully
   - Batch size: 512
   - FP16: True
   - Workers: 16
   - CUDA optimizations: Enabled
======================================================================

======================================================================
Starting video processing...
======================================================================

Processing videos:   0%|                                                                       | 0/2700 [00:00<?, ?it/s]                                                                                                                        
──────────────────────────────────────────────────────────────────────
📹 Video: fFjv93ACGo8
──────────────────────────────────────────────────────────────────────
  📊 Scores: Max=0.9921 | Min=0.0000 | Range=[0.0000, 0.9921]
  🎯 Threshold: 0.6945 (70.0% of max)
  ✅ High-Score Frames: 13/76 (17.1%)
  📍 First 10 indices: [725, 841, 870, 899, 1102, 1131, 1276, 1305, 1334, 1363]
──────────────────────────────────────────────────────────────────────

Processing videos:   0%|                                                                       | 0/2700 [00:00<?, ?it/s]Processing videos:   0%|                                                                       | 0/2700 [00:09<?, ?it/s]
Traceback (most recent call last):
  File "/home/train01/aks/Frame_selection/re_sampler_modified.py", line 856, in <module>
    main()
    ~~~~^^
  File "/home/train01/aks/Frame_selection/re_sampler_modified.py", line 852, in main
    process_dense_sampling(args)
    ~~~~~~~~~~~~~~~~~~~~~~^^^^^^
  File "/home/train01/aks/Frame_selection/re_sampler_modified.py", line 728, in process_dense_sampling
    new_scores = scorer.compute_scores(new_frames_data, question)
  File "/home/train01/aks/Frame_selection/venv/lib/python3.13/site-packages/torch/utils/_contextlib.py", line 120, in decorate_context
    return func(*args, **kwargs)
  File "/home/train01/aks/Frame_selection/re_sampler_modified.py", line 312, in compute_scores
    return self._compute_blip_scores_fast(frames, query)
           ~~~~~~~~~~~~~~~~~~~~~~~~~~~~~~^^^^^^^^^^^^^^^
  File "/home/train01/aks/Frame_selection/re_sampler_modified.py", line 383, in _compute_blip_scores_fast
    outputs = self.model(**inputs)
  File "/home/train01/aks/Frame_selection/venv/lib/python3.13/site-packages/torch/nn/modules/module.py", line 1775, in _wrapped_call_impl
    return self._call_impl(*args, **kwargs)
           ~~~~~~~~~~~~~~~^^^^^^^^^^^^^^^^^
  File "/home/train01/aks/Frame_selection/venv/lib/python3.13/site-packages/torch/nn/modules/module.py", line 1786, in _call_impl
    return forward_call(*args, **kwargs)
  File "/home/train01/aks/Frame_selection/venv/lib/python3.13/site-packages/transformers/utils/generic.py", line 918, in wrapper
    output = func(self, *args, **kwargs)
  File "/home/train01/aks/Frame_selection/venv/lib/python3.13/site-packages/transformers/models/blip/modeling_blip.py", line 1258, in forward
    vision_outputs = self.vision_model(
        pixel_values=pixel_values,
        interpolate_pos_encoding=interpolate_pos_encoding,
        **kwargs,
    )
  File "/home/train01/aks/Frame_selection/venv/lib/python3.13/site-packages/torch/nn/modules/module.py", line 1775, in _wrapped_call_impl
    return self._call_impl(*args, **kwargs)
           ~~~~~~~~~~~~~~~^^^^^^^^^^^^^^^^^
  File "/home/train01/aks/Frame_selection/venv/lib/python3.13/site-packages/torch/nn/modules/module.py", line 1786, in _call_impl
    return forward_call(*args, **kwargs)
  File "/home/train01/aks/Frame_selection/venv/lib/python3.13/site-packages/transformers/utils/generic.py", line 1064, in wrapper
    outputs = func(self, *args, **kwargs)
  File "/home/train01/aks/Frame_selection/venv/lib/python3.13/site-packages/transformers/models/blip/modeling_blip.py", line 524, in forward
    encoder_outputs: BaseModelOutput = self.encoder(
                                       ~~~~~~~~~~~~^
        inputs_embeds=hidden_states,
        ^^^^^^^^^^^^^^^^^^^^^^^^^^^^
        **kwargs,
        ^^^^^^^^^
    )
    ^
  File "/home/train01/aks/Frame_selection/venv/lib/python3.13/site-packages/torch/nn/modules/module.py", line 1775, in _wrapped_call_impl
    return self._call_impl(*args, **kwargs)
           ~~~~~~~~~~~~~~~^^^^^^^^^^^^^^^^^
  File "/home/train01/aks/Frame_selection/venv/lib/python3.13/site-packages/torch/nn/modules/module.py", line 1786, in _call_impl
    return forward_call(*args, **kwargs)
  File "/home/train01/aks/Frame_selection/venv/lib/python3.13/site-packages/transformers/models/blip/modeling_blip.py", line 483, in forward
    hidden_states = encoder_layer(
        hidden_states,
        attention_mask=attention_mask,
        **kwargs,
    )
  File "/home/train01/aks/Frame_selection/venv/lib/python3.13/site-packages/transformers/modeling_layers.py", line 94, in __call__
    return super().__call__(*args, **kwargs)
           ~~~~~~~~~~~~~~~~^^^^^^^^^^^^^^^^^
  File "/home/train01/aks/Frame_selection/venv/lib/python3.13/site-packages/torch/nn/modules/module.py", line 1775, in _wrapped_call_impl
    return self._call_impl(*args, **kwargs)
           ~~~~~~~~~~~~~~~^^^^^^^^^^^^^^^^^
  File "/home/train01/aks/Frame_selection/venv/lib/python3.13/site-packages/torch/nn/modules/module.py", line 1786, in _call_impl
    return forward_call(*args, **kwargs)
  File "/home/train01/aks/Frame_selection/venv/lib/python3.13/site-packages/transformers/models/blip/modeling_blip.py", line 405, in forward
    hidden_states, _ = self.self_attn(
                       ~~~~~~~~~~~~~~^
        hidden_states=hidden_states,
        ^^^^^^^^^^^^^^^^^^^^^^^^^^^^
        head_mask=attention_mask,
        ^^^^^^^^^^^^^^^^^^^^^^^^^
        **kwargs,
        ^^^^^^^^^
    )
    ^
  File "/home/train01/aks/Frame_selection/venv/lib/python3.13/site-packages/torch/nn/modules/module.py", line 1775, in _wrapped_call_impl
    return self._call_impl(*args, **kwargs)
           ~~~~~~~~~~~~~~~^^^^^^^^^^^^^^^^^
  File "/home/train01/aks/Frame_selection/venv/lib/python3.13/site-packages/torch/nn/modules/module.py", line 1786, in _call_impl
    return forward_call(*args, **kwargs)
  File "/home/train01/aks/Frame_selection/venv/lib/python3.13/site-packages/transformers/models/blip/modeling_blip.py", line 360, in forward
    context_layer = torch.matmul(attention_probs, value_states).permute(0, 2, 1, 3)
                    ~~~~~~~~~~~~^^^^^^^^^^^^^^^^^^^^^^^^^^^^^^^
torch.OutOfMemoryError: CUDA out of memory. Tried to allocate 406.00 MiB. GPU 1 has a total capacity of 23.56 GiB of which 222.19 MiB is free. Process 12657 has 4.34 GiB memory in use. Including non-PyTorch memory, this process has 18.99 GiB memory in use. Of the allocated memory 18.60 GiB is allocated by PyTorch, and 81.47 MiB is reserved by PyTorch but unallocated. If reserved but unallocated memory is large try setting PYTORCH_CUDA_ALLOC_CONF=expandable_segments:True to avoid fragmentation.  See documentation for Memory Management  (https://pytorch.org/docs/stable/notes/cuda.html#environment-variables)
[W1125 08:46:18.310488016 AllocatorConfig.cpp:28] Warning: PYTORCH_CUDA_ALLOC_CONF is deprecated, use PYTORCH_ALLOC_CONF instead (function operator())
